<?xml version="1.0" encoding="UTF-8"?>
<testsuites name="jest tests" tests="12" failures="0" errors="0" time="2.662">
  <testsuite name="HttpClient" errors="0" failures="0" skipped="0" timestamp="2021-10-14T03:44:45" time="2.272" tests="12">
    <testcase classname="HttpClient constructs" name="HttpClient constructs" time="0.002">
    </testcase>
    <testcase classname="HttpClient fetch - success" name="HttpClient fetch - success" time="0.003">
    </testcase>
    <testcase classname="HttpClient fetch - throws if no url is provided - undefined" name="HttpClient fetch - throws if no url is provided - undefined" time="0.018">
    </testcase>
    <testcase classname="HttpClient fetch - throws if no url is provided - null" name="HttpClient fetch - throws if no url is provided - null" time="0.001">
    </testcase>
    <testcase classname="HttpClient fetch - throws if no url is provided - number" name="HttpClient fetch - throws if no url is provided - number" time="0.001">
    </testcase>
    <testcase classname="HttpClient fetch - throws if no url is provided - object" name="HttpClient fetch - throws if no url is provided - object" time="0.001">
    </testcase>
    <testcase classname="HttpClient get" name="HttpClient get" time="0.001">
    </testcase>
    <testcase classname="HttpClient post" name="HttpClient post" time="0.001">
    </testcase>
    <testcase classname="HttpClient delete" name="HttpClient delete" time="0">
    </testcase>
    <testcase classname="HttpClient patch" name="HttpClient patch" time="0">
    </testcase>
    <testcase classname="HttpClient put" name="HttpClient put" time="0">
    </testcase>
    <testcase classname="HttpClient setLogger sets logger" name="HttpClient setLogger sets logger" time="0">
    </testcase>
  </testsuite>
</testsuites>